// Bun Snapshot v1, https://bun.sh/docs/test/snapshots

exports[`Ink renderer snapshots renders a stable matrix of task states 1`] = `
"[120 columns]
⠋ download-artifacts ━━━━━━━━━━──────────────────── 4 0 4/12 30s ETA: 1m
✓ compile            ━━━━━━━━━━━━━━━━━━━━━━━━━━━━━━ 5 0 5/5  25s
~ unit-tests         ━━━━━━━━━━━━━━━━━━━━━━━━━━━━━━ 6 2 8/8  35s
✗ lint               ━━━━━━━━━━━━────────────────── 1 3 4/10 12s
⠋ stream-records                                        8/?  20s
~ overflow-counts    ━━━━━━━━━━━━━━━━━━━━━━━━━━━━━━ 6 2 8/5   9s
✓ zero-total         ━━━━━━━━━━━━━━━━━━━━━━━━━━━━━━     0/0   5s

[72 columns]
⠋ download-artifacts ━━━━━━━━───────────────── 4 0 4/12 30s ETA: 1m
✓ compile            ━━━━━━━━━━━━━━━━━━━━━━━━━ 5 0 5/5  25s
~ unit-tests         ━━━━━━━━━━━━━━━━━━━━━━━━━ 6 2 8/8  35s
✗ lint               ━━━━━━━━━━─────────────── 1 3 4/10 12s
⠋ stream-records                                   8/?  20s
~ overflow-counts    ━━━━━━━━━━━━━━━━━━━━━━━━━ 6 2 8/5   9s
✓ zero-total         ━━━━━━━━━━━━━━━━━━━━━━━━━     0/0   5s

[36 columns]
⠋ downloa… ━─── 4/12  30s ETA: 1m
✓ compile  ━━━━ 5/5   25s
~ unit-te… ━━━━ 8/8   35s
✗ lint     ━━── 4/10  12s
⠋ stream-…      8/?   20s
~ overflo… ━━━━ 8/5    9s
✓ zero-to… ━━━━ 0/0    5s"
`;

exports[`Ink renderer snapshots renders nested tasks with stable tree connectors 1`] = `
"[120 columns]
⠹ pipeline        ━━━━━━━━━━──────────────────── 1 0 1/3 18s ETA: 36s
├─ ✓ parse-config ━━━━━━━━━━━━━━━━━━━━━━━━━━━━━━ 1 0 1/1  3s
├─ ⠹ build-assets ━━━━━━━━━━━━━━━─────────────── 2 0 2/4 16s ETA: 16s
│  ├─ ✓ compile   ━━━━━━━━━━━━━━━━━━━━━━━━━━━━━━ 2 0 2/2  6s
│  └─ ✗ test      ━━━━━━━━━━━━━━━━━━━━────────── 3 1 4/6 10s
└─ ⠹ deploy                                          4/?  6s
✓ cleanup         ━━━━━━━━━━━━━━━━━━━━━━━━━━━━━━ 1 0 1/1 16s

[72 columns]
⠹ pipeline        ━━━━━━━━━━─────────────────── 1 0 1/3 18s ETA: 36s
├─ ✓ parse-config ━━━━━━━━━━━━━━━━━━━━━━━━━━━━━ 1 0 1/1  3s
├─ ⠹ build-assets ━━━━━━━━━━━━━━━────────────── 2 0 2/4 16s ETA: 16s
│  ├─ ✓ compile   ━━━━━━━━━━━━━━━━━━━━━━━━━━━━━ 2 0 2/2  6s
│  └─ ✗ test      ━━━━━━━━━━━━━━━━━━━────────── 3 1 4/6 10s
└─ ⠹ deploy                                         4/?  6s
✓ cleanup         ━━━━━━━━━━━━━━━━━━━━━━━━━━━━━ 1 0 1/1 16s

[36 columns]
⠹ pipeline     33%      18s ETA: 36s
├─ ✓ parse-co… 100%      3s
├─ ⠹ build-as… 50%      16s ETA: 16s
│  ├─ ✓ compi… 100%      6s
│  └─ ✗ test   67%      10s
└─ ⠹ deploy    4/?       6s
✓ cleanup      100%     16s"
`;
